// Vitest Snapshot v1, https://vitest.dev/guide/snapshot.html

exports[`should create eslintComments rules 1`] = `
{
  "@eslint-community/eslint-comments/disable-enable-pair": "error",
  "@eslint-community/eslint-comments/no-aggregating-enable": "error",
  "@eslint-community/eslint-comments/no-duplicate-disable": "error",
  "@eslint-community/eslint-comments/no-unlimited-disable": "error",
  "@eslint-community/eslint-comments/no-unused-enable": "error",
  "@eslint-community/eslint-comments/require-description": "error",
}
`;
