// Vitest Snapshot v1, https://vitest.dev/guide/snapshot.html

exports[`should create javascript rules 1`] = `
{
  "array-callback-return": [
    "error",
    {
      "allowImplicit": true,
    },
  ],
  "arrow-body-style": [
    "error",
    "always",
  ],
  "class-methods-use-this": "error",
  "consistent-return": "error",
  "constructor-super": "error",
  "curly": [
    "error",
    "all",
  ],
  "default-case": "error",
  "default-case-last": "error",
  "eqeqeq": "error",
  "for-direction": "error",
  "getter-return": "error",
  "no-async-promise-executor": "error",
  "no-case-declarations": "error",
  "no-class-assign": "error",
  "no-compare-neg-zero": "error",
  "no-cond-assign": "error",
  "no-console": "warn",
  "no-const-assign": "error",
  "no-constant-binary-expression": "error",
  "no-constant-condition": "error",
  "no-control-regex": "error",
  "no-debugger": "error",
  "no-delete-var": "error",
  "no-div-regex": "error",
  "no-dupe-args": "error",
  "no-dupe-class-members": "error",
  "no-dupe-else-if": "error",
  "no-dupe-keys": "error",
  "no-duplicate-case": "error",
  "no-else-return": "error",
  "no-empty": "error",
  "no-empty-character-class": "error",
  "no-empty-pattern": "error",
  "no-empty-static-block": "error",
  "no-ex-assign": "error",
  "no-extra-boolean-cast": "error",
  "no-fallthrough": "error",
  "no-func-assign": "error",
  "no-global-assign": "error",
  "no-implicit-coercion": "error",
  "no-implicit-globals": "error",
  "no-import-assign": "error",
  "no-invalid-regexp": "error",
  "no-irregular-whitespace": "error",
  "no-lonely-if": "error",
  "no-loop-func": "error",
  "no-loss-of-precision": "error",
  "no-magic-numbers": [
    "error",
    {
      "ignore": [
        0,
        1,
        -1,
        2,
      ],
    },
  ],
  "no-misleading-character-class": "error",
  "no-new-native-nonconstructor": "error",
  "no-new-wrappers": "error",
  "no-nonoctal-decimal-escape": "error",
  "no-obj-calls": "error",
  "no-octal": "error",
  "no-param-reassign": [
    "error",
    {
      "props": true,
    },
  ],
  "no-promise-executor-return": "error",
  "no-prototype-builtins": "error",
  "no-redeclare": "error",
  "no-regex-spaces": "error",
  "no-self-assign": "error",
  "no-self-compare": "error",
  "no-setter-return": "error",
  "no-shadow-restricted-names": "error",
  "no-sparse-arrays": "error",
  "no-template-curly-in-string": "error",
  "no-this-before-super": "error",
  "no-throw-literal": "error",
  "no-unassigned-vars": "error",
  "no-undef": "error",
  "no-unexpected-multiline": "error",
  "no-unmodified-loop-condition": "error",
  "no-unneeded-ternary": "error",
  "no-unreachable": "error",
  "no-unreachable-loop": "error",
  "no-unsafe-finally": "error",
  "no-unsafe-negation": "error",
  "no-unsafe-optional-chaining": "error",
  "no-unused-labels": "error",
  "no-unused-private-class-members": "error",
  "no-unused-vars": "error",
  "no-use-before-define": [
    "error",
    {
      "allowNamedExports": false,
      "classes": false,
      "functions": true,
      "variables": true,
    },
  ],
  "no-useless-backreference": "error",
  "no-useless-catch": "error",
  "no-useless-computed-key": "error",
  "no-useless-constructor": "error",
  "no-useless-escape": "error",
  "no-useless-rename": "error",
  "no-useless-return": "error",
  "no-var": "error",
  "no-with": "error",
  "object-shorthand": "error",
  "prefer-arrow-callback": "error",
  "prefer-const": "error",
  "prefer-destructuring": [
    "error",
    {
      "AssignmentExpression": {
        "array": false,
        "object": false,
      },
      "VariableDeclarator": {
        "array": false,
        "object": true,
      },
    },
  ],
  "prefer-object-spread": "error",
  "prefer-rest-params": "error",
  "prefer-spread": "error",
  "prefer-template": "error",
  "radix": "error",
  "require-await": "error",
  "require-yield": "error",
  "strict": [
    "error",
    "safe",
  ],
  "symbol-description": "error",
  "use-isnan": "error",
  "valid-typeof": "error",
}
`;
