// Vitest Snapshot v1, https://vitest.dev/guide/snapshot.html

exports[`should create perfectionist rules 1`] = `
{
  "perfectionist/sort-array-includes": [
    "error",
    {
      "order": "asc",
      "type": "natural",
    },
  ],
  "perfectionist/sort-classes": [
    "error",
    {
      "order": "asc",
      "type": "natural",
    },
  ],
  "perfectionist/sort-decorators": [
    "error",
    {
      "order": "asc",
      "type": "natural",
    },
  ],
  "perfectionist/sort-enums": [
    "error",
    {
      "order": "asc",
      "type": "natural",
    },
  ],
  "perfectionist/sort-exports": [
    "error",
    {
      "order": "asc",
      "type": "natural",
    },
  ],
  "perfectionist/sort-heritage-clauses": [
    "error",
    {
      "order": "asc",
      "type": "natural",
    },
  ],
  "perfectionist/sort-imports": [
    "error",
    {
      "customGroups": {
        "type": {},
        "value": {},
      },
      "environment": "node",
      "groups": [
        "side-effect-style",
        "builtin",
        "type",
        "external",
        "internal-type",
        "internal",
        [
          "parent-type",
          "sibling-type",
          "index-type",
        ],
        [
          "parent",
          "sibling",
          "index",
        ],
        "object",
        "style",
        "unknown",
      ],
      "internalPattern": [
        "^~/.*",
        "^@/.*",
      ],
      "order": "asc",
      "type": "natural",
    },
  ],
  "perfectionist/sort-interfaces": [
    "error",
    {
      "order": "asc",
      "type": "natural",
    },
  ],
  "perfectionist/sort-intersection-types": [
    "error",
    {
      "order": "asc",
      "type": "natural",
    },
  ],
  "perfectionist/sort-jsx-props": [
    "error",
    {
      "order": "asc",
      "type": "natural",
    },
  ],
  "perfectionist/sort-maps": [
    "error",
    {
      "order": "asc",
      "type": "natural",
    },
  ],
  "perfectionist/sort-modules": "off",
  "perfectionist/sort-named-exports": [
    "error",
    {
      "order": "asc",
      "type": "natural",
    },
  ],
  "perfectionist/sort-named-imports": [
    "error",
    {
      "order": "asc",
      "type": "natural",
    },
  ],
  "perfectionist/sort-object-types": [
    "error",
    {
      "order": "asc",
      "type": "natural",
    },
  ],
  "perfectionist/sort-objects": [
    "error",
    {
      "order": "asc",
      "type": "natural",
    },
  ],
  "perfectionist/sort-sets": [
    "error",
    {
      "order": "asc",
      "type": "natural",
    },
  ],
  "perfectionist/sort-switch-case": [
    "error",
    {
      "order": "asc",
      "type": "natural",
    },
  ],
  "perfectionist/sort-union-types": [
    "error",
    {
      "order": "asc",
      "type": "natural",
    },
  ],
  "perfectionist/sort-variable-declarations": [
    "error",
    {
      "order": "asc",
      "type": "natural",
    },
  ],
}
`;
