// Vitest Snapshot v1, https://vitest.dev/guide/snapshot.html

exports[`should create testingLibrary rules 1`] = `
{
  "jest-dom/prefer-checked": "error",
  "jest-dom/prefer-empty": "error",
  "jest-dom/prefer-enabled-disabled": "error",
  "jest-dom/prefer-focus": "error",
  "jest-dom/prefer-in-document": "error",
  "jest-dom/prefer-required": "error",
  "jest-dom/prefer-to-have-attribute": "error",
  "jest-dom/prefer-to-have-class": "error",
  "jest-dom/prefer-to-have-style": "error",
  "jest-dom/prefer-to-have-text-content": "error",
  "jest-dom/prefer-to-have-value": "error",
  "testing-library/await-async-events": [
    "error",
    {
      "eventModule": "userEvent",
    },
  ],
  "testing-library/await-async-queries": "error",
  "testing-library/await-async-utils": "error",
  "testing-library/no-await-sync-events": [
    "error",
    {
      "eventModules": [
        "fire-event",
      ],
    },
  ],
  "testing-library/no-await-sync-queries": "error",
  "testing-library/no-container": "error",
  "testing-library/no-debugging-utils": "warn",
  "testing-library/no-dom-import": [
    "error",
    "react",
  ],
  "testing-library/no-global-regexp-flag-in-query": "error",
  "testing-library/no-manual-cleanup": "error",
  "testing-library/no-node-access": "error",
  "testing-library/no-promise-in-fire-event": "error",
  "testing-library/no-render-in-lifecycle": "error",
  "testing-library/no-unnecessary-act": "error",
  "testing-library/no-wait-for-multiple-assertions": "error",
  "testing-library/no-wait-for-side-effects": "error",
  "testing-library/no-wait-for-snapshot": "error",
  "testing-library/prefer-find-by": "error",
  "testing-library/prefer-presence-queries": "error",
  "testing-library/prefer-query-by-disappearance": "error",
  "testing-library/prefer-screen-queries": "error",
  "testing-library/render-result-naming-convention": "error",
}
`;
