// Vitest Snapshot v1, https://vitest.dev/guide/snapshot.html

exports[`should create vitest rules 1`] = `
{
  "vitest/consistent-test-it": [
    "error",
    {
      "fn": "test",
      "withinDescribe": "it",
    },
  ],
  "vitest/expect-expect": "error",
  "vitest/no-alias-methods": "error",
  "vitest/no-commented-out-tests": "error",
  "vitest/no-conditional-in-test": "error",
  "vitest/no-disabled-tests": "warn",
  "vitest/no-done-callback": "error",
  "vitest/no-duplicate-hooks": "error",
  "vitest/no-focused-tests": "error",
  "vitest/no-hooks": "off",
  "vitest/no-identical-title": "error",
  "vitest/no-import-node-test": "error",
  "vitest/no-interpolation-in-snapshots": "error",
  "vitest/no-large-snapshots": "off",
  "vitest/no-mocks-import": "error",
  "vitest/no-restricted-matchers": "off",
  "vitest/no-restricted-vi-methods": "off",
  "vitest/no-standalone-expect": "error",
  "vitest/no-test-prefixes": "error",
  "vitest/no-test-return-statement": "error",
  "vitest/prefer-called-with": "error",
  "vitest/prefer-comparison-matcher": "error",
  "vitest/prefer-each": "error",
  "vitest/prefer-equality-matcher": "error",
  "vitest/prefer-expect-assertions": "off",
  "vitest/prefer-expect-resolves": "error",
  "vitest/prefer-hooks-in-order": "error",
  "vitest/prefer-hooks-on-top": "error",
  "vitest/prefer-lowercase-title": "off",
  "vitest/prefer-mock-promise-shorthand": "error",
  "vitest/prefer-snapshot-hint": "error",
  "vitest/prefer-spy-on": "off",
  "vitest/prefer-strict-equal": "error",
  "vitest/prefer-to-be": "error",
  "vitest/prefer-to-contain": "error",
  "vitest/prefer-to-have-length": "error",
  "vitest/prefer-todo": "warn",
  "vitest/require-hook": "error",
  "vitest/require-local-test-context-for-concurrent-snapshots": "error",
  "vitest/require-to-throw-message": "error",
  "vitest/require-top-level-describe": "off",
  "vitest/valid-describe-callback": "error",
  "vitest/valid-expect": "error",
  "vitest/valid-expect-in-promise": "error",
  "vitest/valid-title": "error",
}
`;
